===============================
Test file for 4-print_square.py
-------------------------------

Module Test
>>> print_square = __import__('4-print_square').print_square

First print Test
>>> print_square(4)
####
####
####
####

Second print Test
>>> print("")
<BLANKLINE>

Third print Test
>>> print_square(10)
##########
##########
##########
##########
##########
##########
##########
##########
##########
##########

Fourth print Test
>>> print_square(1)
#

FAIL CASES:

Test negative int size:

     >>> print_square(-1)
     Traceback (most recent call last):
     ...
     ValueError: size must be >= 0

Test none size:
     >>> print_square()
     Traceback (most recent call last):
     ...
     TypeError: print_square() missing 1 required positional argument: 'size'

Test non-integer size:
     >>> print_square("H")
     Traceback (most recent call last):
     ...
     TypeError: size must be an integer
